app-measurement.com
clients1.google.com
clients4.google.com
eligibility-panelresearch.googlevideo.com
ggpht.com
ggpht.cn
google-analytics.com
google.com
googleadservices.com
googleapis.com
googlesyndication.com
googletagmanager.com
googletagservices.com
googleusercontent.com
googlevideo.com
gserviceaccount.com
gstatic.com
gvt1.com
gvt2.com
gvt3.com
i.ytimg.com
nel.goog
nhacmp3youtube.com
o.pki.goog
play.google.com
r2---sn-xguxaxjvh-gv8s.googlevideo.com
redirector.googlevideo.com
wide-youtube.l.google.com
withgoogle.com
withyoutube.com
youtu.be
youtube
youtube.ae
youtube.al
youtube.am
youtube.at
youtube.az
youtube.ba
youtube.be
youtube.bg
youtube.bh
youtube.bo
youtube.by
youtube.ca
youtube.cat
youtube.ch
youtube.cl
youtube.co
youtube.co.ae
youtube.co.at
youtube.co.cr
youtube.co.hu
youtube.co.id
youtube.co.il
youtube.co.in
youtube.co.jp
youtube.co.ke
youtube.co.kr
youtube.co.ma
youtube.co.nz
youtube.co.th
youtube.co.tz
youtube.co.ug
youtube.co.uk
youtube.co.ve
youtube.co.za
youtube.com
youtube.com.ar
youtube.com.au
youtube.com.az
youtube.com.bd
youtube.com.bh
youtube.com.bo
youtube.com.br
youtube.com.by
youtube.com.co
youtube.com.do
youtube.com.ec
youtube.com.ee
youtube.com.eg
youtube.com.es
youtube.com.gh
youtube.com.gr
youtube.com.gt
youtube.com.hk
youtube.com.hn
youtube.com.hr
youtube.com.jm
youtube.com.jo
youtube.com.kw
youtube.com.lb
youtube.com.lv
youtube.com.ly
youtube.com.mk
youtube.com.mt
youtube.com.mx
youtube.com.my
youtube.com.ng
youtube.com.ni
youtube.com.om
youtube.com.pa
youtube.com.pe
youtube.com.ph
youtube.com.pk
youtube.com.pt
youtube.com.py
youtube.com.qa
youtube.com.ro
youtube.com.sg
youtube.com.sv
youtube.com.tn
youtube.com.tr
youtube.com.tw
youtube.com.ua
youtube.com.uy
youtube.com.ve
youtube.de
youtube.dk
youtube.ee
youtubeeducation.com
youtubeembeddedplayer.googleapis.com
youtube.es
youtube.fi
youtubefanfest.com
youtube.fr
youtubegaming.com
youtubego.co.id
youtubego.co.in
youtubego.com
youtubego.com.br
youtubego.id
youtubego.in
youtube.ge
youtube.googleapis.com
youtube.gr
youtube.gt
youtube.hk
youtube.hr
youtube.hu
youtube.ie
youtube.in
youtube.iq
youtube.is
youtube.it
youtubei.googleapis.com
youtube.jp
youtube.jo
youtube.kz
youtube.kr
youtube.la
youtube.lk
youtube.lt
youtube.lu
youtube.lv
youtube.ly
youtube.ma
youtube.md
youtube.me
youtube.mk
youtube.mn
youtube.mx
youtube.my
youtube.ng
youtube.ni
youtube.nl
youtube.no
youtube.pa
youtube.pe
youtube.ph
youtube.pk
youtube.pl
youtube.pr
youtube.pt
youtube.qa
youtube.ro
youtube.rs
youtube.ru
youtube.sa
youtube.se
youtube.sg
youtube.si
youtube.sk
youtube.sn
youtube.soy
youtube.sv
youtube.tn
youtube.tv
youtube.ua
youtube.ug
youtube.uy
youtube.vn
youtubekids.com
youtubemobilesupport.com
yt-video-upload.l.google.com
yt.be
ytimg.com
ytimg.l.google.com
