auto.ru
beru.ru
dzen.ru
eda.yandex.ru
hd.kinopoisk.ru
kinopoisk.ru
lavka.yandex.ru
market.yandex.ru
music.yandex.ru
realty.ya.ru
ya.ru
yandex.aero
yandex.cloud
yandex.com
yandex.go
yandex.games
yandex.net
yandex.st
yandex.taxi
yandex360.ru
yandexcloud.net
yandex.ru
yastatic.net
2gis.ru

cloud.mail.ru
mail.ru
mycdn.me
ok.ru
userapi.com
vk-cdn.net
vk.company
vk-portal.net
vk.com
vk.me
vk.ru
vk.team
vkvideo.ru
vkplay.ru
youla.ru

aliexpress.ru
avito.ru
avito.st
auchan.ru
citilink.ru
detmir.ru
dns-shop.ru
eldorado.ru
globus.ru
goldapple.ru
kuper.ru
lamoda.ru
lemanapro.ru
leroymerlin.ru
magnit.ru
megamarket.ru
metro-cc.ru
mvideo.ru
ozon-st.com
ozon.travel
ozon.ru
perekrestok.ru
sbermarket.ru
sbermegamarket.ru
seller.ozon.ru
sportmaster.ru
vprok.ru
wb.ru
wbstatic.net
wildberries.ru

absolutbank.ru
alfabank.ru
banki.ru
domrf.ru
gazprombank.ru
gpb.ru
homecredit.ru
mkb.ru
mironline.ru
nspk.ru
open.ru
otkritie.com
pochtabank.ru
psbank.ru
raiffeisen.ru
rencredit.ru
rosbank.ru
rshb.ru
sberbank.ru
sber.ru
sbrf.ru
sbp.nspk.ru
sovcombank.ru
sviaz-bank.ru
tbank.ru
tinkoff.ru
uralsib.ru
vtb.ru

cbr.ru
emls.ru
fssp.gov.ru
fss.ru
gosuslugi.dev
gosuslugi.ru
gosuslugi41.ru
gosuslugi71.ru
government.ru
gov.ru
gu-st.ru
kremlin.ru
mchs.gov.ru
mil.ru
minfin.gov.ru
minsvyaz.ru
minzdrav.gov.ru
mos.ru
mosreg.ru
nalog.gov.ru
nalog.ru
pfr.gov.ru
rosreestr.gov.ru
rospotrebnadzor.ru
rosstat.gov.ru
rostrud.gov.ru
trudvsem.ru
uisoz.ru
zakupki.gov.ru

gazeta.ru
habr.com
habr.ru
interfax.ru
iz.ru
kommersant.ru
lenta.ru
life.ru
ntv.ru
rbk.ru
rg.ru
ria.ru
smotrim.ru
tass.ru
vedomosti.ru
1tv.ru
vgtrk.ru

ivi.ru
more.tv
okko.tv
premier.one
rustore.ru
rutube.ru
start.ru
wink.ru
zvuk.com

1c.ru
dnevnik.ru
edu.ru
geekbrains.ru
hse.ru
kpfu.ru
msu.ru
openedu.ru
skillbox.ru
spbu.ru
stepik.org
tp.edu.ru
urfu.ru

aeroflot.ru
aviasales.ru
city-mobil.ru
kupibilet.ru
onetwotrip.com
ostrovok.ru
pobeda.aero
rzd.ru
rzd-bonus.ru
s7.ru
tutu.ru
uralairlines.ru
utair.ru

boxberry.ru
cdek.ru
dellin.ru
dhl.ru
dostavista.ru
dpd.ru
emex.ru
pickpoint.ru
pochta.ru
ponyexpress.ru
samokat.ru
sdek.ru

drweb.ru
infotecs.ru
kaspersky.ru
nic.ru
ptsecurity.ru
reg.ru
sbercloud.ru
selectel.ru
timeweb.ru

beeline.ru
domru.ru
megafon.ru
mts.ru
rostelcom.ru
rt.ru
tele2.ru
yota.ru

avtodor-tr.ru
gazprom.ru
lukoil.ru
rosneft.ru
rusal.ru

bitrix.info
bkvet.ru
dzvr.ru
fl.ru
gorzdrav.spb.ru
hh.ru
irr.ru
pesc.ru
rabota.ru
reso.ru
superjob.ru
