auto.ru
dzen.ru
hd.kinopoisk.ru
kinopoisk.ru
lavka.yandex.ru
market.yandex.ru
music.yandex.ru
realty.ya.ru
ya.ru
yandex.cloud
yandex.com
yandex.games
yandex.net
yandex.st
yandex360.ru
yandexcloud.net
yandex.ru
yastatic.net
2gis.ru
passport.yandex.ru
login.yandex.ru
oauth.yandex.ru
social.yandex.ru
account.yandex.ru
plus.yandex.ru
pay.yandex.ru
mail.yandex.ru
disk.yandex.ru
disk.yandex.com
maps.yandex.ru
navi.yandex.ru
translate.yandex.ru
alice.yandex.ru
quasar.yandex.ru
weather.yandex.ru
calendar.yandex.ru
mc.yandex.ru
go.yandex.ru
360.yandex.ru
connect.yandex.ru
travel.yandex.ru
afisha.yandex.ru
metrika.yandex.ru
webmaster.yandex.ru
direct.yandex.ru
browser.yandex.ru
id.yandex.ru
news.yandex.ru
video.yandex.ru
images.yandex.ru
m.yandex.ru
tv.yandex.ru
telemost.yandex.ru
forms.yandex.ru
search.yandex.ru
help.yandex.ru
support.yandex.ru
dev.yandex.ru
practicum.yandex.ru
school.yandex.ru
sport.yandex.ru
pokupki.yandex.ru
uslugi.yandex.ru
health.yandex.ru
wiki.yandex.ru
schedule.yandex.ru
tickets.yandex.ru
bus.yandex.ru
trains.yandex.ru
aero.yandex.ru
clck.yandex.ru
business.yandex.ru
partner.yandex.ru
promo.yandex.ru

cloud.mail.ru
mail.ru
mycdn.me
ok.ru
m.ok.ru
userapi.com
vk-cdn.net
vk.company
vk-portal.net
vk.com
vk.me
vk.ru
vk.team
vkvideo.ru
vkplay.ru
youla.ru
id.vk.com
login.vk.com
api.vk.com
push.vk.com
video.vk.com
music.vk.com
podcasts.vk.com
ads.vk.com
dev.vk.com
help.vk.com
m.vk.com
calendar.vk.com
dating.vk.com
my.com
e.mail.ru
inbox.mail.ru
account.mail.ru
api.ok.ru
my.mail.ru
calendar.mail.ru
agent.mail.ru
help.mail.ru
biz.mail.ru
dev.mail.ru
top.mail.ru
target.mail.ru
h5.ok.ru
help.ok.ru
max.ru
app.max.ru
web.max.ru
api.max.ru
auth.max.ru
push.max.ru
help.max.ru
business.max.ru
cdn.max.ru
static.max.ru

aliexpress.ru
avito.ru
avito.st
auchan.ru
citilink.ru
detmir.ru
dns-shop.ru
eldorado.ru
globus.ru
goldapple.ru
kuper.ru
lamoda.ru
lemanapro.ru
leroymerlin.ru
magnit.ru
megamarket.ru
metro-cc.ru
mvideo.ru
ozon-st.com
ozon.travel
ozon.ru
perekrestok.ru
seller.ozon.ru
cb.ozon.ru
dev.ozon.ru
docs.ozon.ru
sportmaster.ru
vprok.ru
wb.ru
wbstatic.net
wildberries.ru
seller.wildberries.ru
suppliers.wildberries.ru

absolutbank.ru
alfabank.ru
alfaclick.alfabank.ru
banki.ru
domrf.ru
gazprombank.ru
gpb.ru
homecredit.ru
mkb.ru
mironline.ru
nspk.ru
open.ru
otkritie.com
pochtabank.ru
psbank.ru
raiffeisen.ru
rencredit.ru
rosbank.ru
rshb.ru
sberbank.ru
sber.ru
sbrf.ru
invest.sberbank.ru
sbp.nspk.ru
sovcombank.ru
sviaz-bank.ru
tbank.ru
tinkoff.ru
help.tbank.ru
alfadirect.alfabank.ru
alfalink.alfabank.ru
help.alfabank.ru
business.sberbank.ru
uralsib.ru
vtb.ru
akbars.ru
bcs.ru
domclick.ru
finam.ru
qiwi.ru
yoomoney.ru
sberid.ru
online.sberbank.ru
login.sberbank.ru
api.sberbank.ru
secure.sberbank.ru
3dsec.sberbank.ru
online.vtb.ru
online.alfabank.ru
online.gazprombank.ru
ib.psbank.ru
login.tbank.ru
api.tbank.ru
app.tbank.ru
secure.tbank.ru

cbr.ru
emls.ru
fssp.gov.ru
fss.ru
gosuslugi.dev
gosuslugi.ru
gosuslugi41.ru
gosuslugi71.ru
esia.gosuslugi.dev
esia.gosuslugi.ru
esia-portal.gosuslugi.ru
lk.gosuslugi.ru
beta.gosuslugi.ru
dik.gosuslugi.ru
government.ru
gov.ru
gu-st.ru
kremlin.ru
mchs.gov.ru
mil.ru
minfin.gov.ru
minsvyaz.ru
minzdrav.gov.ru
mos.ru
mosreg.ru
nalog.gov.ru
nalog.ru
pfr.gov.ru
rosreestr.gov.ru
rospotrebnadzor.ru
rosstat.gov.ru
rostrud.gov.ru
trudvsem.ru
uisoz.ru
customs.gov.ru
digital.gov.ru
economy.gov.ru
fas.gov.ru
gibdd.ru
lkfl.nalog.ru
mid.ru
minjust.gov.ru
mvd.ru
obrnadzor.gov.ru
rkn.gov.ru
sfr.gov.ru
zakupki.gov.ru
sign.nalog.ru
service.nalog.ru
lk.mos.ru
uslugi.mos.ru
portal.mos.ru

gazeta.ru
habr.com
habr.ru
interfax.ru
iz.ru
kommersant.ru
lenta.ru
life.ru
ntv.ru
rbk.ru
rg.ru
ria.ru
smotrim.ru
tass.ru
vedomosti.ru
1tv.ru
5-tv.ru
aif.ru
kp.ru
rambler.ru
ren.tv
vgtrk.ru
vc.ru
tjournal.ru
dtf.ru
pikabu.ru
secretmag.ru
spark.ru

cian.ru
domofond.ru
pik.ru

ivi.ru
cdn.ivi.ru
static.ivi.ru
api.ivi.ru
corp.ivi.ru
cdn01.ivi.ru
cdn02.ivi.ru
ad.ivi.ru
partners.ivi.ru
kion.ru
cdn.kion.ru
api.kion.ru
static.kion.ru
okko.tv
sport.okko.tv
cdn.okko.tv
static.okko.tv
api.okko.tv
auth.okko.tv
media.okko.tv
premier.one
cdn.premier.one
static.premier.one
api.premier.one
rustore.ru
rutube.ru
cdn.rutube.ru
static.rutube.ru
api.rutube.ru
ads.rutube.ru
help.rutube.ru
rutubelist.ru
start.ru
cdn.start.ru
static.start.ru
api.start.ru
wink.ru
cdn.wink.ru
api.wink.ru
static.wink.ru
lk.wink.ru
zvuk.com

1c.ru
dnevnik.ru
edu.ru
geekbrains.ru
hse.ru
kpfu.ru
msu.ru
openedu.ru
skillbox.ru
spbu.ru
stepik.org
tp.edu.ru
urfu.ru
login.stepik.org
my.skillbox.ru
lk.hh.ru

aeroflot.ru
aviasales.ru
city-mobil.ru
kupibilet.ru
onetwotrip.com
ostrovok.ru
pobeda.aero
rzd.ru
rzd-bonus.ru
s7.ru
tutu.ru
uralairlines.ru
utair.ru

boxberry.ru
cdek.ru
dellin.ru
dhl.ru
dostavista.ru
dpd.ru
emex.ru
pickpoint.ru
pochta.ru
ponyexpress.ru
samokat.ru
lk.cdek.ru
api.cdek.ru
tracking.pochta.ru
lk.pochta.ru

drweb.ru
infotecs.ru
kaspersky.ru
nic.ru
ptsecurity.ru
reg.ru
sbercloud.ru
selectel.ru
timeweb.ru
cp.reg.ru
cp.timeweb.ru
my.sbercloud.ru
console.cloud.yandex.ru
panel.beget.ru

beeline.ru
domru.ru
megafon.ru
mts.ru
rostelcom.ru
rt.ru
tele2.ru
yota.ru
lk.beeline.ru
lk.megafon.ru
lk.mts.ru
my.tele2.ru
lk.yota.ru
lk.rt.ru

avtodor-tr.ru
gazprom.ru
lukoil.ru
rosneft.ru
rusal.ru

bitrix.info
bkvet.ru
dzvr.ru
fl.ru
gorzdrav.spb.ru
hh.ru
irr.ru
pesc.ru
rabota.ru
reso.ru
superjob.ru
