claude.ai
claude.com
anthropic.com
cdn.anthropic.com
docs.anthropic.com
support.anthropic.com
status.anthropic.com
intercom.io
downloads.intercomcdn.com
anthropic.qualtrics.com

openai.com
chatgpt.com
oaistatic.com
oaiusercontent.com
chat.com
ai.com
chat.openai.com.cdn.cloudflare.net
production-openaicom-storage.azureedge.net
platform.openai.com
api.openai.com
cdn.openai.com
status.openai.com

groq.com
openrouter.ai
sora.com

huggingface.co
hf.co
cursor.com
cursor.sh
perplexity.ai
perplexity.com

clients6.google.com
deepmind.google
ai.google.dev
generativeai.google
gemini.google
gemini.google.com
makersuite.google.com
aistudio.google.com
bard.google.com
notebooklm.google.com
notebooklm.google
jules.google
jules.google.com
labs.google
antigravity.google
antigravity-unleash.goog
antigravity.googleapis.com
antigravity-pa.googleapis.com
aisandbox-pa.googleapis.com
generativelanguage.googleapis.com
proactivebackend-pa.googleapis.com
geller-pa.googleapis.com
firebaseinstallations.googleapis.com
speechs3proto2-pa.googleapis.com
robinfrontend-pa.googleapis.com
aida.googleapis.com
www.googleapis.com
translate.googleapis.com
stitch.withgoogle.com
fonts.googleapis.com
fonts.gstatic.com
storage.googleapis.com
cloud.google.com
firebase.google.com
developers.google.com
docs.google.com
drive.google.com
meet.google.com
play.google.com

copilot.microsoft.com
designer.microsoft.com
xsts.auth.xboxlive.com

github.com
github.io
github.dev
githubusercontent.com
github.net
githubassets.com
githubcopilot.com
github.blog
githubstatus.com
raw.githubusercontent.com
objects.githubusercontent.com
desktop.github.com
api.github.com
docs.github.com
education.github.com
classroom.github.com
gist.github.com
gist.githubusercontent.com
avatars.githubusercontent.com
codeload.github.com
pages.github.com
uploads.github.com
support.github.com

gitlab.com
gitlab.io
gitlab-static.com
gitlab-services.com
gitlab.org
assets.gitlab-static.net
docs.gitlab.com

stackoverflow.com
stackoverflow.co
stackoverflow.blog
stackexchange.com
sstatic.net

npmjs.com
docs.npmjs.com
status.npmjs.org
unpkg.com
pypi.org
python.org
docker.com
docker.io
registry-1.docker.io
hub.docker.com
docs.docker.com
dockerhub.com
vercel.com
vercel.app
railway.app

cloudflare.com
cloudflare.net
cloudflare-dns.com
cloudflarestream.com
cloudflareworkers.com
r2.cloudflarestorage.com
workers.dev
pages.dev
cloudflare-ipfs.com

codepen.io
codesandbox.io
deno.com
deno.land
gitbook.com
gitbook.io
readthedocs.io
hashnode.dev
replit.com

opencode.ai

notion.so
notion.com
notion.new
notion.site
notion-static.com
notion-emojis.s3-us-west-2.amazonaws.com
code.gist.build

jetbrains.com
myjetbrains.com
jetbrains.space
api.jetbrains.ai
youtrack.cloud
toolbox.app
plugins.jetbrains.com
download.jetbrains.com
account.jetbrains.com

hashicorp.com
terraform.io
vagrantcloud.com
mongodb.com
cloud.mongodb.com
mongodb.net
mongodb.org
redis.io
redislabs.com
redis.com
sentry.io
sentry.dev
swagger.io
smartbear.com
smartbear.co
grafana.com
netlify.com
ngrok.com
connect.ngrok-agent.com
atlassian.com
assets.heroku.com
herokucdn.com
vmware.com
download3.omnissa.com
omnissa.com
developer.nvidia.com
pkgs.tailscale.com
deepl.com
citrix.com
expandrive.com
support.anydesk.com
document360.com
document360.io
xiaomi.eu
upwork.com
hostinger.com

google.com
googleapis.com
gstatic.com
googleusercontent.com
google.ru
google.dev
accounts.google.com
news.google.com
suggestqueries.google.com
lookerstudio.google.com
intel.com
intel.de
intel.nl

reddit.com
redditmedia.com
redditstatic.com
redd.it
medium.com
miro.medium.com
dev.to
synoforum.com
forum.netgate.com

canva.com
canva.dev
adobe.com
adobe.io
adobe.net

spotify.com
scdn.co
