claude.ai
claude.com
anthropic.com
intercom.io
downloads.intercomcdn.com
anthropic.qualtrics.com

openai.com
chatgpt.com
oaistatic.com
oaiusercontent.com
chat.com
ai.com
chat.openai.com.cdn.cloudflare.net
production-openaicom-storage.azureedge.net

x.ai
grok.com
grok.x.com

elevenlabs.io
lightning.ai
groq.com
recraft.ai
openrouter.ai
trae.ai
genspark.ai
sora.com
hume.ai
sonara.ai
manus.im
files.manus.cdn
codeium.com
kaleido.ai
ai-chat.bsg.brave.com
blinkshot.io
langdock.com
augmentcode.com
reve.art
data.cline.bot
windsurf.com
gpu-monkey.com
watermarkremover.io
remove.bg
unscreen.com
remna.st
uizard.io

huggingface.co
hf.co
cursor.com
cursor.sh
perplexity.ai
perplexity.com

clients6.google.com
deepmind.com
deepmind.google
ai.google.dev
generativeai.google
gemini.google
gemini.google.com
makersuite.google.com
aistudio.google.com
bard.google.com
notebooklm.google.com
notebooklm.google
jules.google
jules.google.com
labs.google
antigravity.google
antigravity-unleash.goog
antigravity.googleapis.com
antigravity-pa.googleapis.com
aisandbox-pa.googleapis.com
generativelanguage.googleapis.com
proactivebackend-pa.googleapis.com
geller-pa.googleapis.com
firebaseinstallations.googleapis.com
speechs3proto2-pa.googleapis.com
robinfrontend-pa.googleapis.com
aida.googleapis.com
stitch.withgoogle.com

copilot.microsoft.com
designer.microsoft.com
xsts.auth.xboxlive.com

github.com
github.io
github.dev
githubusercontent.com
githubassets.com
githubcopilot.com
github.blog
githubstatus.com
raw.githubusercontent.com
objects.githubusercontent.com
desktop.github.com
api.github.com
docs.github.com
education.github.com
classroom.github.com
gist.github.com
gist.githubusercontent.com

gitlab.com
gitlab.io
gitlab-static.com
gitlab-services.com
gitlab.org
assets.gitlab-static.net
docs.gitlab.com

stackoverflow.com
stackoverflow.co
stackoverflow.blog
stackexchange.com
sstatic.net

npmjs.com
unpkg.com
pypi.org
python.org
docker.com
docker.io
registry-1.docker.io
hub.docker.com
dockerhub.com
vercel.com
vercel.app
railway.app

cloudflare.com
cloudflare.net
cloudflare-dns.com
cloudflarestream.com
cloudflareworkers.com
r2.cloudflarestorage.com
workers.dev
pages.dev
cloudflare-ipfs.com

codepen.io
codesandbox.io
deno.com
deno.land
gitbook.com
gitbook.io
readthedocs.io
hashnode.dev
replit.com

opencode.ai

notion.so
notion.com
notion.new
notion.site
notion-static.com
notion-emojis.s3-us-west-2.amazonaws.com
code.gist.build

jetbrains.com
myjetbrains.com
jetbrains.space
api.jetbrains.ai
youtrack.cloud
toolbox.app
plugins.jetbrains.com
download.jetbrains.com
account.jetbrains.com

hashicorp.com
terraform.io
vagrantcloud.com
mongodb.com
cloud.mongodb.com
mongodb.net
mongodb.org
redis.io
redislabs.com
redis.com
sentry.io
sentry.dev
swagger.io
smartbear.com
smartbear.co
grafana.com
netlify.com
ngrok.com
connect.ngrok-agent.com
atlassian.com
assets.heroku.com
herokucdn.com
vmware.com
download3.omnissa.com
omnissa.com
developer.nvidia.com
parallels.com
myparallels.com
parallels.net
parallels.cn
parallelsaccess.com
lambdalabs.com
reactflow.dev
bell-sw.com
graylog.org
spacelift.io
snort.org
snyk.io
pingdom.com
smartdeploy.com
docs.liquibase.com
solarwinds.com
buf.build
jamf.com
tableau.com
bitdefender.com
upwork.com
onshape.com
weebly.com
credly.com
hostinger.com
getoutline.com
neo4j.com
cvedetails.com
framer.com
htmhell.dev
wpengine.com
webnames.ca
veeam.com
teamviewer.com
flourish.studio
broadcom.com
bitnami.com
pkgs.tailscale.com
pcmag.com
zapier.com
sketchup.com
platform.activestate.com
qt.io
cisco.com
contabo.com
talosintelligence.com
tempmail.plus
mattermost.com
ntp.msn.com
oracle.com
oraclecloud.com
capacitorjs.com
amplitude.com
clamav.net
vyos.io
watchguard.com
spiceworks.com
mailinator.com
deepl.com
citrix.com
cisecurity.org
filebin.net
ansys.com
clickup.com
hc-ping.com
hchk.io
expandrive.com
editorx.com
yeggi.com
openh264.org
app.zerossl.com
arc.net
devexpress.com
quicknode.com
easydmarc.com
hybrid-analysis.com
posthog.com
qwant.com
tria.ge
diabrowser.com
siteground.com
indeed.com
netacad.com
xiaomi.eu
arduino.cc
support.anydesk.com
document360.io
document360.com
affinity.studio
octopus.do
all3dp.com
qodana.cloud
qoder.com
httptoolkit.com
fivetran.com
wetransfer.com
joesandbox.com
dashboard.algolia.com
multisim.com
ni.com
verificationacademy.com
pandasecurity.com
netapp.com
data-cdn.mbamupdates.com
community.sophos.com
intelix.sophos.com
flukenetworks.com
home.by.me
buymeacoffee.com

google.com
googleapis.com
gstatic.com
googleusercontent.com
google.ru
google.dev
accounts.google.com
news.google.com
suggestqueries.google.com
lookerstudio.google.com
intel.com
intel.de
intel.nl
extremetech.com
sdxcentral.com

reddit.com
redditmedia.com
redditstatic.com
redd.it
medium.com
miro.medium.com
dev.to
synoforum.com
forum.netgate.com

canva.com
canva.dev
adobe.com
adobe.io
adobe.net

spotify.com
scdn.co
